To honour the JVM settings for this build a single-use Daemon process will be forked. For more on this, please refer to https://docs.gradle.org/8.5/userguide/gradle_daemon.html#sec:disabling_the_daemon in the Gradle documentation.
Daemon will be stopped at the end of the build 
> Task :app:preBuild UP-TO-DATE
> Task :app:preDebugBuild UP-TO-DATE
> Task :app:mergeDebugNativeDebugMetadata NO-SOURCE
> Task :app:checkKotlinGradlePluginConfigurationErrors
> Task :app:checkDebugAarMetadata UP-TO-DATE
> Task :app:generateDebugResValues UP-TO-DATE
> Task :app:mapDebugSourceSetPaths UP-TO-DATE
> Task :app:generateDebugResources UP-TO-DATE
> Task :app:mergeDebugResources UP-TO-DATE
> Task :app:packageDebugResources UP-TO-DATE
> Task :app:parseDebugLocalResources UP-TO-DATE
> Task :app:createDebugCompatibleScreenManifests UP-TO-DATE
> Task :app:extractDeepLinksDebug UP-TO-DATE
> Task :app:processDebugMainManifest UP-TO-DATE
> Task :app:processDebugManifest UP-TO-DATE
> Task :app:processDebugManifestForPackage UP-TO-DATE
> Task :app:processDebugResources UP-TO-DATE
> Task :app:kaptGenerateStubsDebugKotlin UP-TO-DATE
> Task :app:kaptDebugKotlin UP-TO-DATE
> Task :app:javaPreCompileDebug UP-TO-DATE
> Task :app:mergeDebugShaders UP-TO-DATE
> Task :app:compileDebugShaders NO-SOURCE
> Task :app:generateDebugAssets UP-TO-DATE
> Task :app:mergeDebugAssets UP-TO-DATE
> Task :app:compressDebugAssets UP-TO-DATE
> Task :app:desugarDebugFileDependencies UP-TO-DATE
> Task :app:checkDebugDuplicateClasses UP-TO-DATE
> Task :app:mergeExtDexDebug UP-TO-DATE
> Task :app:mergeLibDexDebug UP-TO-DATE
> Task :app:mergeDebugJniLibFolders UP-TO-DATE
> Task :app:mergeDebugNativeLibs UP-TO-DATE
> Task :app:stripDebugDebugSymbols UP-TO-DATE
> Task :app:validateSigningDebug UP-TO-DATE
> Task :app:writeDebugAppMetadata UP-TO-DATE
> Task :app:writeDebugSigningConfigVersions UP-TO-DATE

> Task :app:compileDebugKotlin
e: file:///C:/Users/Administrator/.qwenpaw/workspaces/default/memo-amber/app/src/main/java/com/memoamber/ui/screens/DiaryScreen.kt:504:21 Unresolved reference: HorizontalDivider
e: file:///C:/Users/Administrator/.qwenpaw/workspaces/default/memo-amber/app/src/main/java/com/memoamber/ui/screens/HomeScreen.kt:71:25 Type mismatch: inferred type is Unit but GridItemSpan was expected
e: file:///C:/Users/Administrator/.qwenpaw/workspaces/default/memo-amber/app/src/main/java/com/memoamber/ui/screens/HomeScreen.kt:71:27 Unresolved reference: GridItemSpan
e: file:///C:/Users/Administrator/.qwenpaw/workspaces/default/memo-amber/app/src/main/java/com/memoamber/ui/screens/HomeScreen.kt:165:25 Type mismatch: inferred type is Unit but GridItemSpan was expected
e: file:///C:/Users/Administrator/.qwenpaw/workspaces/default/memo-amber/app/src/main/java/com/memoamber/ui/screens/HomeScreen.kt:165:27 Unresolved reference: GridItemSpan
e: file:///C:/Users/Administrator/.qwenpaw/workspaces/default/memo-amber/app/src/main/java/com/memoamber/ui/screens/SettingsScreen.kt:114:17 Unresolved reference: HorizontalDivider
e: file:///C:/Users/Administrator/.qwenpaw/workspaces/default/memo-amber/app/src/main/java/com/memoamber/ui/screens/SettingsScreen.kt:125:17 Unresolved reference: HorizontalDivider
e: file:///C:/Users/Administrator/.qwenpaw/workspaces/default/memo-amber/app/src/main/java/com/memoamber/ui/screens/SettingsScreen.kt:142:17 Unresolved reference: HorizontalDivider
e: file:///C:/Users/Administrator/.qwenpaw/workspaces/default/memo-amber/app/src/main/java/com/memoamber/ui/screens/SettingsScreen.kt:152:17 Unresolved reference: HorizontalDivider
e: file:///C:/Users/Administrator/.qwenpaw/workspaces/default/memo-amber/app/src/main/java/com/memoamber/ui/screens/SettingsScreen.kt:169:17 Unresolved reference: HorizontalDivider
e: file:///C:/Users/Administrator/.qwenpaw/workspaces/default/memo-amber/app/src/main/java/com/memoamber/ui/screens/SettingsScreen.kt:224:29 Unresolved reference: HorizontalDivider
e: file:///C:/Users/Administrator/.qwenpaw/workspaces/default/memo-amber/app/src/main/java/com/memoamber/ui/screens/SettingsScreen.kt:560:17 Unresolved reference: HorizontalDivider

> Task :app:compileDebugKotlin FAILED

FAILURE: Build failed with an exception.

* What went wrong:
Execution failed for task ':app:compileDebugKotlin'.
> A failure occurred while executing org.jetbrains.kotlin.compilerRunner.GradleCompilerRunnerWithWorkers$GradleKotlinCompilerWorkAction
   > Compilation error. See log for more details

* Try:
> Run with --stacktrace option to get the stack trace.
> Run with --info or --debug option to get more log output.
> Run with --scan to get full insights.
> Get more help at https://help.gradle.org.

BUILD FAILED in 39s
30 actionable tasks: 2 executed, 28 up-to-date
